// Jest Snapshot v1, https://goo.gl/fbAQLP

exports[`<Item/> renders and matches the snapshot 1`] = `
<ItemStyles__Item>
  <img
    alt="My mock item"
    src="picture.jpg"
  />
  <Title>
    <Link
      href={
        Object {
          "pathname": "/item",
          "query": Object {
            "id": "abc123",
          },
        }
      }
    >
      <a>
        My mock item
      </a>
    </Link>
  </Title>
  <PriceTag>
    $50
  </PriceTag>
  <p>
    Helps me make sure the app works
  </p>
  <div
    className="buttonList"
  >
    <Link
      href={
        Object {
          "pathname": "/update",
          "query": Object {
            "id": "abc123",
          },
        }
      }
    >
      <a>
        Edit ✏️
      </a>
    </Link>
    <AddToCart
      id="abc123"
    />
    <DeleteItem
      id="abc123"
    >
      Delete This Item
    </DeleteItem>
  </div>
</ItemStyles__Item>
`;
